#-----------------------------------------------------------
# Vivado v2024.2 (64-bit)
# SW Build 5239630 on Fri Nov 08 22:34:34 MST 2024
# IP Build 5239520 on Sun Nov 10 16:12:51 MST 2024
# SharedData Build 5239561 on Fri Nov 08 14:39:27 MST 2024
# Start of session at: Thu Jun 19 17:13:53 2025
# Process ID         : 300833
# Current directory  : /bwrcq/C/junsun/nexys_video_chipyard/fpga
# Command line       : vivado
# Log file           : /bwrcq/C/junsun/nexys_video_chipyard/fpga/vivado.log
# Journal file       : /bwrcq/C/junsun/nexys_video_chipyard/fpga/vivado.jou
# Running On         : bwrchpg2-7.EECS.Berkeley.EDU
# Platform           : RedHatEnterprise
# Operating System   : Red Hat Enterprise Linux 9.4 (Plow)
# Processor Detail   : Intel(R) Core(TM) i7-6700T CPU @ 2.80GHz
# CPU Frequency      : 2800.000 MHz
# CPU Physical cores : 4
# CPU Logical cores  : 8
# Host memory        : 33262 MB
# Swap memory        : 34359 MB
# Total Virtual      : 67621 MB
# Available Virtual  : 61448 MB
#-----------------------------------------------------------
start_gui
open_project /bwrcq/C/junsun/nexys_video_chipyard/fpga/generated-src/chipyard.fpga.nexysvideo.NexysVideoHarness.RocketNexysVideoConfig/NexysVideoHarness.xpr
update_compile_order -fileset sources_1
launch_runs impl_1 -to_step write_bitstream -jobs 4
wait_on_run impl_1
reset_run synth_1
launch_runs impl_1 -to_step write_bitstream -jobs 4
wait_on_run impl_1
open_hw_manager
connect_hw_server -allow_non_jtag
open_hw_target
set_property PROGRAM.FILE {/bwrcq/C/junsun/nexys_video_chipyard/fpga/generated-src/chipyard.fpga.nexysvideo.NexysVideoHarness.RocketNexysVideoConfig/NexysVideoHarness.runs/impl_1/NexysVideoHarness.bit} [get_hw_devices xc7a200t_0]
current_hw_device [get_hw_devices xc7a200t_0]
refresh_hw_device -update_hw_probes false [lindex [get_hw_devices xc7a200t_0] 0]
set_property PROBES.FILE {} [get_hw_devices xc7a200t_0]
set_property FULL_PROBES.FILE {} [get_hw_devices xc7a200t_0]
set_property PROGRAM.FILE {/bwrcq/C/junsun/nexys_video_chipyard/fpga/generated-src/chipyard.fpga.nexysvideo.NexysVideoHarness.RocketNexysVideoConfig/NexysVideoHarness.runs/impl_1/NexysVideoHarness.bit} [get_hw_devices xc7a200t_0]
program_hw_devices [get_hw_devices xc7a200t_0]
refresh_hw_device [lindex [get_hw_devices xc7a200t_0] 0]
open_project -read_only /bwrcq/C/junsun/Cygnus-Bringup-main/cygnus-fpga-mig/NexysVideoHarness.xpr
current_project NexysVideoHarness
current_project NexysVideoHarness(2)
current_project NexysVideoHarness
reset_run synth_1
launch_runs impl_1 -to_step write_bitstream -jobs 4
wait_on_run impl_1
reset_run synth_1
disconnect_hw_server localhost:3121
connect_hw_server -allow_non_jtag
launch_runs impl_1 -to_step write_bitstream -jobs 4
wait_on_run impl_1
current_project NexysVideoHarness(2)
current_project NexysVideoHarness
update_compile_order -fileset sources_1
update_compile_order -fileset sources_1
reset_run synth_1
launch_runs impl_1 -to_step write_bitstream -jobs 4
wait_on_run impl_1
disconnect_hw_server localhost:3121
connect_hw_server -allow_non_jtag
open_hw_target
current_hw_device [get_hw_devices xc7a200t_0]
refresh_hw_device -update_hw_probes false [lindex [get_hw_devices xc7a200t_0] 0]
reset_run synth_1
update_compile_order -fileset sources_1
update_compile_order -fileset sources_1
launch_runs impl_1 -to_step write_bitstream -jobs 4
wait_on_run impl_1
reset_run impl_1 -prev_step 
launch_runs impl_1 -to_step write_bitstream -jobs 4
wait_on_run impl_1
refresh_hw_device [lindex [get_hw_devices xc7a200t_0] 0]
close_project
